[
    [
        "Cannot extract an empty selection to a variable"
    ]
]
