{
    "_start": {
        "_line": 1,
        "_character": 2
    },
    "_end": {
        "_line": 3,
        "_character": 4
    }
}
