[
    {
        "type": "FunctionDeclaration",
        "location": {
            "start": {
                "line": 1,
                "column": 0
            },
            "end": {
                "line": 21,
                "column": 1
            }
        }
    },
    {
        "type": "ObjectExpression",
        "location": {
            "start": {
                "line": 2,
                "column": 11
            },
            "end": {
                "line": 20,
                "column": 5
            }
        }
    },
    {
        "type": "ArrowFunctionExpression",
        "location": {
            "start": {
                "line": 3,
                "column": 21
            },
            "end": {
                "line": 19,
                "column": 9
            }
        }
    },
    {
        "type": "IfStatement",
        "location": {
            "start": {
                "line": 7,
                "column": 12
            },
            "end": {
                "line": 18,
                "column": 13
            }
        }
    },
    {
        "type": "IfStatement",
        "location": {
            "start": {
                "line": 9,
                "column": 19
            },
            "end": {
                "line": 18,
                "column": 13
            }
        }
    }
]
