{
    "scopeLength": 1,
    "startLocation": {
        "line": 1,
        "column": 0
    }
}
