{
    "start": {
        "line": 2,
        "column": 4
    },
    "end": {
        "line": 2,
        "column": 4
    }
}
