{
    "start": {
        "line": 10,
        "column": 16
    },
    "end": {
        "line": 10,
        "column": 16
    }
}
