{
    "start": {
        "line": 4,
        "column": 12
    },
    "end": {
        "line": 4,
        "column": 12
    }
}
