{
    "start": {
        "line": 3,
        "column": 8
    },
    "end": {
        "line": 3,
        "column": 8
    }
}
