[
    {
        "nodeIndex": 0,
        "nodeType": "VariableDeclaration",
        "nodeStart": {
            "line": 1,
            "column": 0
        }
    },
    {
        "nodeIndex": 1,
        "nodeType": "ArrowFunctionExpression",
        "nodeStart": {
            "line": 13,
            "column": 30
        }
    }
]
